// Jest Snapshot v1, https://goo.gl/fbAQLP

exports[`Balance teams should return a balanced team 1`] = `
[
  [
    {
      "active": true,
      "id": "15",
      "name": "Marlon",
      "position": "A",
      "rating": 4,
    },
    {
      "active": true,
      "id": "2",
      "name": "Paulo A.",
      "position": "A",
      "rating": 4,
    },
    {
      "active": true,
      "id": "13",
      "name": "Vagner",
      "position": "M",
      "rating": 8,
    },
    {
      "active": true,
      "id": "4",
      "name": "Paulo G.",
      "position": "G",
      "rating": 8,
    },
    {
      "active": true,
      "id": "12",
      "name": "Gilmar",
      "position": "LD",
      "rating": 6,
    },
    {
      "active": true,
      "id": "3",
      "name": "Carlos",
      "position": "Z",
      "rating": 5,
    },
    {
      "active": true,
      "id": "23",
      "name": "Clóvis",
      "position": "Z",
      "rating": 7,
    },
    {
      "active": true,
      "id": "17",
      "name": "Jackson",
      "position": "A",
      "rating": 4,
    },
  ],
  [
    {
      "active": true,
      "id": "9",
      "name": "Paulo S.",
      "position": "A",
      "rating": 10,
    },
    {
      "active": true,
      "id": "11",
      "name": "Anderson",
      "position": "Z",
      "rating": 3,
    },
    {
      "active": true,
      "id": "14",
      "name": "Douglas",
      "position": "LD",
      "rating": 2,
    },
    {
      "active": true,
      "id": "16",
      "name": "Marcos",
      "position": "M",
      "rating": 8,
    },
    {
      "active": true,
      "id": "18",
      "name": "Wagner",
      "position": "A",
      "rating": 7,
    },
    {
      "active": true,
      "id": "10",
      "name": "João",
      "position": "M",
      "rating": 7,
    },
    {
      "active": true,
      "id": "21",
      "name": "Lucas",
      "position": "Z",
      "rating": 7,
    },
    {
      "active": true,
      "id": "22",
      "name": "Jeferson",
      "position": "LD",
      "rating": 3,
    },
  ],
  [
    {
      "active": true,
      "id": "1",
      "name": "Matheus",
      "position": "M",
      "rating": 10,
    },
    {
      "active": true,
      "id": "5",
      "name": "Peter",
      "position": "Z",
      "rating": 6,
    },
    {
      "active": true,
      "id": "6",
      "name": "Zeca",
      "position": "LE",
      "rating": 3,
    },
    {
      "active": true,
      "id": "7",
      "name": "Moisés",
      "position": "LD",
      "rating": 3,
    },
    {
      "active": true,
      "id": "19",
      "name": "Moa",
      "position": "A",
      "rating": 5,
    },
    {
      "active": true,
      "id": "20",
      "name": "Neto",
      "position": "A",
      "rating": 5,
    },
    {
      "active": true,
      "id": "8",
      "name": "Odilon",
      "position": "M",
      "rating": 9,
    },
  ],
]
`;
